{
  "scilla_major_version": "0",
  "gas_remaining": "6804",
  "_accepted": "false",
  "message": null,
  "states": [
    { "vname": "_balance", "type": "Uint128", "value": "0" },
    { "vname": "decimals", "type": "Uint32", "value": "4" },
    {
      "vname": "dbonds",
      "type": "Map (ByStr20) (Fcdb)",
      "value": [
        {
          "key": "0xabfeccdc9012345678901234567890f777567890",
          "val": {
            "constructor": "FcdbCon",
            "argtypes": [],
            "arguments": [
              {
                "constructor": "FiatBondCon",
                "argtypes": [],
                "arguments": [ "20000000", "US25152R5F60" ]
              },
              "10",
              "15768000",
              "31537000",
              "0xdeadbeefdeadbeef000000000000000000000001",
              "100000",
              "0xdeadbeefdeadbeef000000000000000000000002",
              "0xdeadbeefdeadbeef000000000000000000000003",
              "0xdeadbeefdeadbeef000000000000000000000004",
              "30000",
              "http://sdfsdf.com/sdfsdf"
            ]
          }
        }
      ]
    },
    { "vname": "received_p", "type": "Map (ByStr20) (Uint128)", "value": [] },
    { "vname": "received_l", "type": "Map (ByStr20) (Uint128)", "value": [] },
    { "vname": "received_d", "type": "Map (ByStr20) (Uint128)", "value": [] },
    { "vname": "exchangeable", "type": "Map (ByStr20) (Uint32)", "value": [] }
  ],
  "events": [
    {
      "_eventname": "AddDBondSuccess",
      "params": [
        {
          "vname": "caller",
          "type": "ByStr20",
          "value": "0x12345678901234567890123456789012345678dd"
        },
        {
          "vname": "db_contract",
          "type": "ByStr20",
          "value": "0xabfeccdc9012345678901234567890f777567890"
        }
      ]
    }
  ]
}