(_exception : (String "WalletError")) ; (err_code : (Int32 -1))