{
  "scilla_major_version": "0",
  "gas_remaining": "6409",
  "_accepted": "false",
  "messages": [],
  "states": [
    { "vname": "_balance", "type": "Uint128", "value": "100" },
    { "vname": "transactionCount", "type": "Uint32", "value": "1" },
    {
      "vname": "signatures",
      "type": "Map (Uint32) (Map (ByStr20) (Bool))",
      "value": [
        {
          "key": "0",
          "val": [
            {
              "key": "0x0000000000000000000000000000000000000001",
              "val": {
                "constructor": "True",
                "argtypes": [],
                "arguments": []
              }
            }
          ]
        }
      ]
    },
    {
      "vname": "signature_counts",
      "type": "Map (Uint32) (Uint32)",
      "value": [ { "key": "0", "val": "1" } ]
    },
    {
      "vname": "transactions",
      "type": "Map (Uint32) (Transaction)",
      "value": [
        {
          "key": "0",
          "val": {
            "constructor": "Trans",
            "argtypes": [],
            "arguments": [
              "0x1000000000000000000000000000000000000001",
              "0x2000000000000000000000000000000000000001", "12345",
              "withdraw"
            ]
          }
        }
      ]
    },
    {
      "vname": "owners",
      "type": "Map (ByStr20) (Bool)",
      "value": [
        {
          "key": "0x0000000000000000000000000000000000000001",
          "val": { "constructor": "True", "argtypes": [], "arguments": [] }
        },
        {
          "key": "0x0000000000000000000000000000000000000003",
          "val": { "constructor": "True", "argtypes": [], "arguments": [] }
        },
        {
          "key": "0x0000000000000000000000000000000000000002",
          "val": { "constructor": "True", "argtypes": [], "arguments": [] }
        }
      ]
    }
  ],
  "events": [
    {
      "_eventname": "Transaction created",
      "params": [
        { "vname": "transactionId", "type": "Uint32", "value": "0" },
        {
          "vname": "walletContract",
          "type": "ByStr20",
          "value": "0x1000000000000000000000000000000000000001"
        },
        {
          "vname": "recipient",
          "type": "ByStr20",
          "value": "0x2000000000000000000000000000000000000001"
        },
        { "vname": "amount", "type": "Uint128", "value": "12345" },
        { "vname": "tag", "type": "String", "value": "withdraw" }
      ]
    },
    {
      "_eventname": "Transaction signed",
      "params": [
        { "vname": "transactionId", "type": "Uint32", "value": "0" }
      ]
    }
  ]
}