{
  "scilla_major_version": "0",
  "gas_remaining": "6962",
  "_accepted": "false",
  "messages": [
    {
      "_tag": "BurnSuccess",
      "_amount": "0",
      "_recipient": "0x1000000000000000000000000000000000000002",
      "params": [
        {
          "vname": "sender",
          "type": "ByStr20",
          "value": "0x1000000000000000000000000000000000000002"
        },
        { "vname": "amount", "type": "Uint128", "value": "1234" }
      ]
    }
  ],
  "states": [
    { "vname": "_balance", "type": "Uint128", "value": "0" },
    { "vname": "totalSupply", "type": "Uint128", "value": "10000" },
    {
      "vname": "owner",
      "type": "ByStr20",
      "value": "0x0000000000000000000000000000000000000002"
    },
    {
      "vname": "pauser",
      "type": "ByStr20",
      "value": "0x0000000000000000000000000000000000000003"
    },
    {
      "vname": "contractApprover",
      "type": "ByStr20",
      "value": "0x0000000000000000000000000000000000000008"
    },
    {
      "vname": "fundraisingManager",
      "type": "ByStr20",
      "value": "0x0000000000000000000000000000000000000005"
    },
    {
      "vname": "devAccChanger",
      "type": "ByStr20",
      "value": "0x0000000000000000000000000000000000000007"
    },
    {
      "vname": "fundrContract",
      "type": "Option (ByStr20)",
      "value": {
        "constructor": "None",
        "argtypes": [ "ByStr20" ],
        "arguments": []
      }
    },
    {
      "vname": "devAcc",
      "type": "Option (ByStr20)",
      "value": {
        "constructor": "None",
        "argtypes": [ "ByStr20" ],
        "arguments": []
      }
    },
    {
      "vname": "paused",
      "type": "Bool",
      "value": { "constructor": "False", "argtypes": [], "arguments": [] }
    },
    {
      "vname": "fundrInProcess",
      "type": "Bool",
      "value": { "constructor": "False", "argtypes": [], "arguments": [] }
    },
    { "vname": "beforeFundrSupply", "type": "Uint128", "value": "0" },
    { "vname": "alreadyTransferredToDev", "type": "Uint128", "value": "0" },
    {
      "vname": "balances",
      "type": "Map (ByStr20) (Uint128)",
      "value": [
        {
          "key": "0x1000000000000000000000000000000000000002",
          "val": "10000"
        }
      ]
    },
    {
      "vname": "allowed",
      "type": "Map (ByStr20) (Map (ByStr20) (Uint128))",
      "value": []
    },
    {
      "vname": "approvedContracts",
      "type": "Map (ByStr20) (Bool)",
      "value": [
        {
          "key": "0x1000000000000000000000000000000000000002",
          "val": { "constructor": "True", "argtypes": [], "arguments": [] }
        }
      ]
    }
  ],
  "events": []
}